// Jest Snapshot v1, https://goo.gl/fbAQLP

exports[`Pruebas en GifItem should first 1`] = `
<div>
  <section
    class="card"
  >
    <p>
      Pruebas en GifItem
    </p>
    <img
      alt="Pruebas en GifItem"
      src="https://www.youtube.com/watch"
    />
  </section>
</div>
`;
